<?xml version="1.0" encoding="ISO-8859-1" ?>
<link_info>
   <banner>MSP430 Linker PC v18.1.4.LTS</banner>
   <copyright>Copyright (c) 2003-2018 Texas Instruments Incorporated</copyright>
   <link_time>0x5d24b0d7</link_time>
   <link_errors>0x0</link_errors>
   <output_file>wheelchair-project.out</output_file>
   <entry_point>
      <name>_c_int00_noargs</name>
      <address>0xe38c</address>
   </entry_point>
   <input_file_list>
      <input_file id="fl-2">
         <path>.\</path>
         <kind>object</kind>
         <file>HAL_FR4133LP_LCD.obj</file>
         <name>HAL_FR4133LP_LCD.obj</name>
      </input_file>
      <input_file id="fl-3">
         <path>.\</path>
         <kind>object</kind>
         <file>HAL_FR4133LP_Learn_Board.obj</file>
         <name>HAL_FR4133LP_Learn_Board.obj</name>
      </input_file>
      <input_file id="fl-4">
         <path>.\</path>
         <kind>object</kind>
         <file>main.obj</file>
         <name>main.obj</name>
      </input_file>
      <input_file id="fl-5">
         <path>.\driverlib\MSP430FR2xx_4xx\</path>
         <kind>object</kind>
         <file>adc.obj</file>
         <name>adc.obj</name>
      </input_file>
      <input_file id="fl-6">
         <path>.\driverlib\MSP430FR2xx_4xx\</path>
         <kind>object</kind>
         <file>crc.obj</file>
         <name>crc.obj</name>
      </input_file>
      <input_file id="fl-7">
         <path>.\driverlib\MSP430FR2xx_4xx\</path>
         <kind>object</kind>
         <file>cs.obj</file>
         <name>cs.obj</name>
      </input_file>
      <input_file id="fl-8">
         <path>.\driverlib\MSP430FR2xx_4xx\</path>
         <kind>object</kind>
         <file>ecomp.obj</file>
         <name>ecomp.obj</name>
      </input_file>
      <input_file id="fl-9">
         <path>.\driverlib\MSP430FR2xx_4xx\</path>
         <kind>object</kind>
         <file>eusci_a_spi.obj</file>
         <name>eusci_a_spi.obj</name>
      </input_file>
      <input_file id="fl-a">
         <path>.\driverlib\MSP430FR2xx_4xx\</path>
         <kind>object</kind>
         <file>eusci_a_uart.obj</file>
         <name>eusci_a_uart.obj</name>
      </input_file>
      <input_file id="fl-b">
         <path>.\driverlib\MSP430FR2xx_4xx\</path>
         <kind>object</kind>
         <file>eusci_b_i2c.obj</file>
         <name>eusci_b_i2c.obj</name>
      </input_file>
      <input_file id="fl-c">
         <path>.\driverlib\MSP430FR2xx_4xx\</path>
         <kind>object</kind>
         <file>eusci_b_spi.obj</file>
         <name>eusci_b_spi.obj</name>
      </input_file>
      <input_file id="fl-d">
         <path>.\driverlib\MSP430FR2xx_4xx\</path>
         <kind>object</kind>
         <file>framctl.obj</file>
         <name>framctl.obj</name>
      </input_file>
      <input_file id="fl-e">
         <path>.\driverlib\MSP430FR2xx_4xx\</path>
         <kind>object</kind>
         <file>gpio.obj</file>
         <name>gpio.obj</name>
      </input_file>
      <input_file id="fl-f">
         <path>.\driverlib\MSP430FR2xx_4xx\</path>
         <kind>object</kind>
         <file>icc.obj</file>
         <name>icc.obj</name>
      </input_file>
      <input_file id="fl-10">
         <path>.\driverlib\MSP430FR2xx_4xx\</path>
         <kind>object</kind>
         <file>lcd_e.obj</file>
         <name>lcd_e.obj</name>
      </input_file>
      <input_file id="fl-11">
         <path>.\driverlib\MSP430FR2xx_4xx\</path>
         <kind>object</kind>
         <file>mpy32.obj</file>
         <name>mpy32.obj</name>
      </input_file>
      <input_file id="fl-12">
         <path>.\driverlib\MSP430FR2xx_4xx\</path>
         <kind>object</kind>
         <file>pmm.obj</file>
         <name>pmm.obj</name>
      </input_file>
      <input_file id="fl-13">
         <path>.\driverlib\MSP430FR2xx_4xx\</path>
         <kind>object</kind>
         <file>rtc.obj</file>
         <name>rtc.obj</name>
      </input_file>
      <input_file id="fl-14">
         <path>.\driverlib\MSP430FR2xx_4xx\</path>
         <kind>object</kind>
         <file>sac.obj</file>
         <name>sac.obj</name>
      </input_file>
      <input_file id="fl-15">
         <path>.\driverlib\MSP430FR2xx_4xx\</path>
         <kind>object</kind>
         <file>sfr.obj</file>
         <name>sfr.obj</name>
      </input_file>
      <input_file id="fl-16">
         <path>.\driverlib\MSP430FR2xx_4xx\</path>
         <kind>object</kind>
         <file>sysctl.obj</file>
         <name>sysctl.obj</name>
      </input_file>
      <input_file id="fl-17">
         <path>.\driverlib\MSP430FR2xx_4xx\</path>
         <kind>object</kind>
         <file>tia.obj</file>
         <name>tia.obj</name>
      </input_file>
      <input_file id="fl-18">
         <path>.\driverlib\MSP430FR2xx_4xx\</path>
         <kind>object</kind>
         <file>timer_a.obj</file>
         <name>timer_a.obj</name>
      </input_file>
      <input_file id="fl-19">
         <path>.\driverlib\MSP430FR2xx_4xx\</path>
         <kind>object</kind>
         <file>timer_b.obj</file>
         <name>timer_b.obj</name>
      </input_file>
      <input_file id="fl-1a">
         <path>.\driverlib\MSP430FR2xx_4xx\</path>
         <kind>object</kind>
         <file>tlv.obj</file>
         <name>tlv.obj</name>
      </input_file>
      <input_file id="fl-1b">
         <path>.\driverlib\MSP430FR2xx_4xx\</path>
         <kind>object</kind>
         <file>wdt_a.obj</file>
         <name>wdt_a.obj</name>
      </input_file>
      <input_file id="fl-1c">
         <path>.\targetConfigs\</path>
         <kind>object</kind>
         <file>distanceSensor.obj</file>
         <name>distanceSensor.obj</name>
      </input_file>
      <input_file id="fl-21">
         <kind>object</kind>
         <file>&lt;internal&gt;</file>
         <name>&lt;internal&gt;</name>
      </input_file>
      <input_file id="fl-37">
         <path>C:\ti\ccsv8\tools\compiler\ti-cgt-msp430_18.1.4.LTS\lib\</path>
         <kind>archive</kind>
         <file>rts430x_lc_sd_eabi.lib</file>
         <name>s_modf.c.obj</name>
      </input_file>
      <input_file id="fl-38">
         <path>C:\ti\ccsv8\tools\compiler\ti-cgt-msp430_18.1.4.LTS\lib\</path>
         <kind>archive</kind>
         <file>rts430x_lc_sd_eabi.lib</file>
         <name>asr32.asm.obj</name>
      </input_file>
      <input_file id="fl-39">
         <path>C:\ti\ccsv8\tools\compiler\ti-cgt-msp430_18.1.4.LTS\lib\</path>
         <kind>archive</kind>
         <file>rts430x_lc_sd_eabi.lib</file>
         <name>div16s.asm.obj</name>
      </input_file>
      <input_file id="fl-3a">
         <path>C:\ti\ccsv8\tools\compiler\ti-cgt-msp430_18.1.4.LTS\lib\</path>
         <kind>archive</kind>
         <file>rts430x_lc_sd_eabi.lib</file>
         <name>div16u.asm.obj</name>
      </input_file>
      <input_file id="fl-3b">
         <path>C:\ti\ccsv8\tools\compiler\ti-cgt-msp430_18.1.4.LTS\lib\</path>
         <kind>archive</kind>
         <file>rts430x_lc_sd_eabi.lib</file>
         <name>div32s.asm.obj</name>
      </input_file>
      <input_file id="fl-3c">
         <path>C:\ti\ccsv8\tools\compiler\ti-cgt-msp430_18.1.4.LTS\lib\</path>
         <kind>archive</kind>
         <file>rts430x_lc_sd_eabi.lib</file>
         <name>div32u.asm.obj</name>
      </input_file>
      <input_file id="fl-3d">
         <path>C:\ti\ccsv8\tools\compiler\ti-cgt-msp430_18.1.4.LTS\lib\</path>
         <kind>archive</kind>
         <file>rts430x_lc_sd_eabi.lib</file>
         <name>int45.asm.obj</name>
      </input_file>
      <input_file id="fl-3e">
         <path>C:\ti\ccsv8\tools\compiler\ti-cgt-msp430_18.1.4.LTS\lib\</path>
         <kind>archive</kind>
         <file>rts430x_lc_sd_eabi.lib</file>
         <name>int48.asm.obj</name>
      </input_file>
      <input_file id="fl-3f">
         <path>C:\ti\ccsv8\tools\compiler\ti-cgt-msp430_18.1.4.LTS\lib\</path>
         <kind>archive</kind>
         <file>rts430x_lc_sd_eabi.lib</file>
         <name>int49.asm.obj</name>
      </input_file>
      <input_file id="fl-40">
         <path>C:\ti\ccsv8\tools\compiler\ti-cgt-msp430_18.1.4.LTS\lib\</path>
         <kind>archive</kind>
         <file>rts430x_lc_sd_eabi.lib</file>
         <name>int50.asm.obj</name>
      </input_file>
      <input_file id="fl-41">
         <path>C:\ti\ccsv8\tools\compiler\ti-cgt-msp430_18.1.4.LTS\lib\</path>
         <kind>archive</kind>
         <file>rts430x_lc_sd_eabi.lib</file>
         <name>int52.asm.obj</name>
      </input_file>
      <input_file id="fl-42">
         <path>C:\ti\ccsv8\tools\compiler\ti-cgt-msp430_18.1.4.LTS\lib\</path>
         <kind>archive</kind>
         <file>rts430x_lc_sd_eabi.lib</file>
         <name>int53.asm.obj</name>
      </input_file>
      <input_file id="fl-43">
         <path>C:\ti\ccsv8\tools\compiler\ti-cgt-msp430_18.1.4.LTS\lib\</path>
         <kind>archive</kind>
         <file>rts430x_lc_sd_eabi.lib</file>
         <name>int54.asm.obj</name>
      </input_file>
      <input_file id="fl-44">
         <path>C:\ti\ccsv8\tools\compiler\ti-cgt-msp430_18.1.4.LTS\lib\</path>
         <kind>archive</kind>
         <file>rts430x_lc_sd_eabi.lib</file>
         <name>int55.asm.obj</name>
      </input_file>
      <input_file id="fl-45">
         <path>C:\ti\ccsv8\tools\compiler\ti-cgt-msp430_18.1.4.LTS\lib\</path>
         <kind>archive</kind>
         <file>rts430x_lc_sd_eabi.lib</file>
         <name>int57.asm.obj</name>
      </input_file>
      <input_file id="fl-46">
         <path>C:\ti\ccsv8\tools\compiler\ti-cgt-msp430_18.1.4.LTS\lib\</path>
         <kind>archive</kind>
         <file>rts430x_lc_sd_eabi.lib</file>
         <name>int58.asm.obj</name>
      </input_file>
      <input_file id="fl-47">
         <path>C:\ti\ccsv8\tools\compiler\ti-cgt-msp430_18.1.4.LTS\lib\</path>
         <kind>archive</kind>
         <file>rts430x_lc_sd_eabi.lib</file>
         <name>isr_trap.asm.obj</name>
      </input_file>
      <input_file id="fl-48">
         <path>C:\ti\ccsv8\tools\compiler\ti-cgt-msp430_18.1.4.LTS\lib\</path>
         <kind>archive</kind>
         <file>rts430x_lc_sd_eabi.lib</file>
         <name>lsl16.asm.obj</name>
      </input_file>
      <input_file id="fl-49">
         <path>C:\ti\ccsv8\tools\compiler\ti-cgt-msp430_18.1.4.LTS\lib\</path>
         <kind>archive</kind>
         <file>rts430x_lc_sd_eabi.lib</file>
         <name>lsr16.asm.obj</name>
      </input_file>
      <input_file id="fl-4a">
         <path>C:\ti\ccsv8\tools\compiler\ti-cgt-msp430_18.1.4.LTS\lib\</path>
         <kind>archive</kind>
         <file>rts430x_lc_sd_eabi.lib</file>
         <name>lsr32.asm.obj</name>
      </input_file>
      <input_file id="fl-4b">
         <path>C:\ti\ccsv8\tools\compiler\ti-cgt-msp430_18.1.4.LTS\lib\</path>
         <kind>archive</kind>
         <file>rts430x_lc_sd_eabi.lib</file>
         <name>mult16.asm.obj</name>
      </input_file>
      <input_file id="fl-4c">
         <path>C:\ti\ccsv8\tools\compiler\ti-cgt-msp430_18.1.4.LTS\lib\</path>
         <kind>archive</kind>
         <file>rts430x_lc_sd_eabi.lib</file>
         <name>mult32.asm.obj</name>
      </input_file>
      <input_file id="fl-4d">
         <path>C:\ti\ccsv8\tools\compiler\ti-cgt-msp430_18.1.4.LTS\lib\</path>
         <kind>archive</kind>
         <file>rts430x_lc_sd_eabi.lib</file>
         <name>boot.c.obj</name>
      </input_file>
      <input_file id="fl-4e">
         <path>C:\ti\ccsv8\tools\compiler\ti-cgt-msp430_18.1.4.LTS\lib\</path>
         <kind>archive</kind>
         <file>rts430x_lc_sd_eabi.lib</file>
         <name>autoinit.c.obj</name>
      </input_file>
      <input_file id="fl-4f">
         <path>C:\ti\ccsv8\tools\compiler\ti-cgt-msp430_18.1.4.LTS\lib\</path>
         <kind>archive</kind>
         <file>rts430x_lc_sd_eabi.lib</file>
         <name>copy_zero_init.c.obj</name>
      </input_file>
      <input_file id="fl-50">
         <path>C:\ti\ccsv8\tools\compiler\ti-cgt-msp430_18.1.4.LTS\lib\</path>
         <kind>archive</kind>
         <file>rts430x_lc_sd_eabi.lib</file>
         <name>cpy_tbl.c.obj</name>
      </input_file>
      <input_file id="fl-51">
         <path>C:\ti\ccsv8\tools\compiler\ti-cgt-msp430_18.1.4.LTS\lib\</path>
         <kind>archive</kind>
         <file>rts430x_lc_sd_eabi.lib</file>
         <name>mpu_init.c.obj</name>
      </input_file>
      <input_file id="fl-52">
         <path>C:\ti\ccsv8\tools\compiler\ti-cgt-msp430_18.1.4.LTS\lib\</path>
         <kind>archive</kind>
         <file>rts430x_lc_sd_eabi.lib</file>
         <name>lsr64.c.obj</name>
      </input_file>
      <input_file id="fl-53">
         <path>C:\ti\ccsv8\tools\compiler\ti-cgt-msp430_18.1.4.LTS\lib\</path>
         <kind>archive</kind>
         <file>rts430x_lc_sd_eabi.lib</file>
         <name>pre_init.c.obj</name>
      </input_file>
      <input_file id="fl-54">
         <path>C:\ti\ccsv8\tools\compiler\ti-cgt-msp430_18.1.4.LTS\lib\</path>
         <kind>archive</kind>
         <file>rts430x_lc_sd_eabi.lib</file>
         <name>startup.c.obj</name>
      </input_file>
      <input_file id="fl-55">
         <path>C:\ti\ccsv8\tools\compiler\ti-cgt-msp430_18.1.4.LTS\lib\</path>
         <kind>archive</kind>
         <file>rts430x_lc_sd_eabi.lib</file>
         <name>copy_decompress_none.c.obj</name>
      </input_file>
      <input_file id="fl-56">
         <path>C:\ti\ccsv8\tools\compiler\ti-cgt-msp430_18.1.4.LTS\lib\</path>
         <kind>archive</kind>
         <file>rts430x_lc_sd_eabi.lib</file>
         <name>copy_decompress_lzss.c.obj</name>
      </input_file>
      <input_file id="fl-57">
         <path>C:\ti\ccsv8\tools\compiler\ti-cgt-msp430_18.1.4.LTS\lib\</path>
         <kind>archive</kind>
         <file>rts430x_lc_sd_eabi.lib</file>
         <name>addd.c.obj</name>
      </input_file>
      <input_file id="fl-58">
         <path>C:\ti\ccsv8\tools\compiler\ti-cgt-msp430_18.1.4.LTS\lib\</path>
         <kind>archive</kind>
         <file>rts430x_lc_sd_eabi.lib</file>
         <name>divd.c.obj</name>
      </input_file>
      <input_file id="fl-59">
         <path>C:\ti\ccsv8\tools\compiler\ti-cgt-msp430_18.1.4.LTS\lib\</path>
         <kind>archive</kind>
         <file>rts430x_lc_sd_eabi.lib</file>
         <name>fixdi.c.obj</name>
      </input_file>
      <input_file id="fl-5a">
         <path>C:\ti\ccsv8\tools\compiler\ti-cgt-msp430_18.1.4.LTS\lib\</path>
         <kind>archive</kind>
         <file>rts430x_lc_sd_eabi.lib</file>
         <name>fixdli.c.obj</name>
      </input_file>
      <input_file id="fl-5b">
         <path>C:\ti\ccsv8\tools\compiler\ti-cgt-msp430_18.1.4.LTS\lib\</path>
         <kind>archive</kind>
         <file>rts430x_lc_sd_eabi.lib</file>
         <name>frcaddd.c.obj</name>
      </input_file>
      <input_file id="fl-5c">
         <path>C:\ti\ccsv8\tools\compiler\ti-cgt-msp430_18.1.4.LTS\lib\</path>
         <kind>archive</kind>
         <file>rts430x_lc_sd_eabi.lib</file>
         <name>frcdivd.c.obj</name>
      </input_file>
      <input_file id="fl-5d">
         <path>C:\ti\ccsv8\tools\compiler\ti-cgt-msp430_18.1.4.LTS\lib\</path>
         <kind>archive</kind>
         <file>rts430x_lc_sd_eabi.lib</file>
         <name>mpyd.c.obj</name>
      </input_file>
      <input_file id="fl-5e">
         <path>C:\ti\ccsv8\tools\compiler\ti-cgt-msp430_18.1.4.LTS\lib\</path>
         <kind>archive</kind>
         <file>rts430x_lc_sd_eabi.lib</file>
         <name>renormd.c.obj</name>
      </input_file>
      <input_file id="fl-5f">
         <path>C:\ti\ccsv8\tools\compiler\ti-cgt-msp430_18.1.4.LTS\lib\</path>
         <kind>archive</kind>
         <file>rts430x_lc_sd_eabi.lib</file>
         <name>subd.c.obj</name>
      </input_file>
      <input_file id="fl-60">
         <path>C:\ti\ccsv8\tools\compiler\ti-cgt-msp430_18.1.4.LTS\lib\</path>
         <kind>archive</kind>
         <file>rts430x_lc_sd_eabi.lib</file>
         <name>exit.c.obj</name>
      </input_file>
      <input_file id="fl-61">
         <path>C:\ti\ccsv8\tools\compiler\ti-cgt-msp430_18.1.4.LTS\lib\</path>
         <kind>archive</kind>
         <file>rts430x_lc_sd_eabi.lib</file>
         <name>_lock.c.obj</name>
      </input_file>
      <input_file id="fl-62">
         <path>C:\ti\ccsv8\tools\compiler\ti-cgt-msp430_18.1.4.LTS\lib\</path>
         <kind>archive</kind>
         <file>rts430x_lc_sd_eabi.lib</file>
         <name>args_main.c.obj</name>
      </input_file>
      <input_file id="fl-63">
         <path>C:\ti\ccsv8\tools\compiler\ti-cgt-msp430_18.1.4.LTS\lib\</path>
         <kind>archive</kind>
         <file>rts430x_lc_sd_eabi.lib</file>
         <name>memcpy.c.obj</name>
      </input_file>
      <input_file id="fl-64">
         <path>C:\ti\ccsv8\tools\compiler\ti-cgt-msp430_18.1.4.LTS\lib\</path>
         <kind>archive</kind>
         <file>rts430x_lc_sd_eabi.lib</file>
         <name>cpy_util.asm.obj</name>
      </input_file>
      <input_file id="fl-65">
         <path>C:\ti\ccsv8\tools\compiler\ti-cgt-msp430_18.1.4.LTS\lib\</path>
         <kind>archive</kind>
         <file>rts430x_lc_sd_eabi.lib</file>
         <name>lsl32.asm.obj</name>
      </input_file>
      <input_file id="fl-66">
         <path>C:\ti\ccsv8\tools\compiler\ti-cgt-msp430_18.1.4.LTS\lib\</path>
         <kind>archive</kind>
         <file>rts430x_lc_sd_eabi.lib</file>
         <name>exit_gvars.c.obj</name>
      </input_file>
      <input_file id="fl-67">
         <path>C:\ti\ccsv8\tools\compiler\ti-cgt-msp430_18.1.4.LTS\lib\</path>
         <kind>archive</kind>
         <file>rts430x_lc_sd_eabi.lib</file>
         <name>frcmpyd.c.obj</name>
      </input_file>
   </input_file_list>
   <object_component_list>
      <object_component id="oc-63b">
         <name>__TI_handler_table</name>
         <load_address>0xc400</load_address>
         <run_address>0xc400</run_address>
         <size>0xc</size>
      </object_component>
      <object_component id="oc-63e">
         <name>.cinit..data.load</name>
         <load_address>0xc40c</load_address>
         <run_address>0xc40c</run_address>
         <size>0x8</size>
      </object_component>
      <object_component id="oc-63d">
         <name>.cinit..bss.load</name>
         <load_address>0xc414</load_address>
         <run_address>0xc414</run_address>
         <size>0x6</size>
      </object_component>
      <object_component id="oc-63c">
         <name>__TI_cinit_table</name>
         <load_address>0xc41a</load_address>
         <run_address>0xc41a</run_address>
         <size>0x10</size>
      </object_component>
      <object_component id="oc-5d3">
         <name>.binit</name>
         <load_address>0xc42a</load_address>
         <run_address>0xc42a</run_address>
         <size>0x0</size>
      </object_component>
      <object_component id="oc-3b9">
         <name>.const:GPIO_PORT_TO_BASE</name>
         <load_address>0xc42a</load_address>
         <run_address>0xc42a</run_address>
         <size>0x1c</size>
         <input_file_ref idref="fl-e"/>
      </object_component>
      <object_component id="oc-44d">
         <name>.const:$P$T0$1</name>
         <load_address>0xc446</load_address>
         <run_address>0xc446</run_address>
         <size>0xe</size>
         <input_file_ref idref="fl-4"/>
      </object_component>
      <object_component id="oc-4b6">
         <name>.const:battery_speed</name>
         <load_address>0xc454</load_address>
         <run_address>0xc454</run_address>
         <size>0xe</size>
         <input_file_ref idref="fl-2"/>
      </object_component>
      <object_component id="oc-45c">
         <name>.const:$P$T1$2</name>
         <load_address>0xc462</load_address>
         <run_address>0xc462</run_address>
         <size>0xa</size>
         <input_file_ref idref="fl-4"/>
      </object_component>
      <object_component id="oc-3fb">
         <name>.const:.string:digit</name>
         <load_address>0xc46c</load_address>
         <run_address>0xc46c</run_address>
         <size>0xa</size>
         <input_file_ref idref="fl-2"/>
      </object_component>
      <object_component id="oc-46b">
         <name>.const:$P$T2$3</name>
         <load_address>0xc476</load_address>
         <run_address>0xc476</run_address>
         <size>0x8</size>
         <input_file_ref idref="fl-4"/>
      </object_component>
      <object_component id="oc-3f8">
         <name>.const:.string:addr</name>
         <load_address>0xc47e</load_address>
         <run_address>0xc47e</run_address>
         <size>0x6</size>
         <input_file_ref idref="fl-2"/>
      </object_component>
      <object_component id="oc-582">
         <name>.text:__TI_frcdivd</name>
         <load_address>0xc484</load_address>
         <run_address>0xc484</run_address>
         <size>0x466</size>
         <input_file_ref idref="fl-5c"/>
      </object_component>
      <object_component id="oc-323">
         <name>.text:__mspabi_addd</name>
         <load_address>0xc8ea</load_address>
         <run_address>0xc8ea</run_address>
         <size>0x2de</size>
         <input_file_ref idref="fl-57"/>
      </object_component>
      <object_component id="oc-3d2">
         <name>.text:__TI_frcmpyd</name>
         <load_address>0xcbc8</load_address>
         <run_address>0xcbc8</run_address>
         <size>0x280</size>
         <input_file_ref idref="fl-67"/>
      </object_component>
      <object_component id="oc-31c">
         <name>.text:__mspabi_mpyd</name>
         <load_address>0xce48</load_address>
         <run_address>0xce48</run_address>
         <size>0x264</size>
         <input_file_ref idref="fl-5d"/>
      </object_component>
      <object_component id="oc-3df">
         <name>.text:__TI_frcaddd</name>
         <load_address>0xd0ac</load_address>
         <run_address>0xd0ac</run_address>
         <size>0x248</size>
         <input_file_ref idref="fl-5b"/>
      </object_component>
      <object_component id="oc-34e">
         <name>.text:main</name>
         <load_address>0xd2f4</load_address>
         <run_address>0xd2f4</run_address>
         <size>0x23e</size>
         <input_file_ref idref="fl-4"/>
      </object_component>
      <object_component id="oc-4fe">
         <name>.text:__mspabi_divd</name>
         <load_address>0xd532</load_address>
         <run_address>0xd532</run_address>
         <size>0x220</size>
         <input_file_ref idref="fl-58"/>
      </object_component>
      <object_component id="oc-2fa">
         <name>.text:Key</name>
         <load_address>0xd752</load_address>
         <run_address>0xd752</run_address>
         <size>0x160</size>
         <input_file_ref idref="fl-4"/>
      </object_component>
      <object_component id="oc-3e7">
         <name>.text:modf</name>
         <load_address>0xd8b2</load_address>
         <run_address>0xd8b2</run_address>
         <size>0x150</size>
         <input_file_ref idref="fl-37"/>
      </object_component>
      <object_component id="oc-315">
         <name>.text:determine_traveling_speed</name>
         <load_address>0xda02</load_address>
         <run_address>0xda02</run_address>
         <size>0x104</size>
         <input_file_ref idref="fl-4"/>
      </object_component>
      <object_component id="oc-64">
         <name>.text:decompress:lzss:__TI_decompress_lzss</name>
         <load_address>0xdb06</load_address>
         <run_address>0xdb06</run_address>
         <size>0xee</size>
         <input_file_ref idref="fl-56"/>
      </object_component>
      <object_component id="oc-329">
         <name>.text:LCD_Display_float</name>
         <load_address>0xdbf4</load_address>
         <run_address>0xdbf4</run_address>
         <size>0xc2</size>
         <input_file_ref idref="fl-2"/>
      </object_component>
      <object_component id="oc-4ee">
         <name>.text:__TI_renormd</name>
         <load_address>0xdcb6</load_address>
         <run_address>0xdcb6</run_address>
         <size>0xb2</size>
         <input_file_ref idref="fl-5e"/>
      </object_component>
      <object_component id="oc-2ad">
         <name>.text:_isr:TIMER0_A0_ISR</name>
         <load_address>0xdd68</load_address>
         <run_address>0xdd68</run_address>
         <size>0x9a</size>
         <input_file_ref idref="fl-4"/>
      </object_component>
      <object_component id="oc-499">
         <name>.text:__TI_auto_init_nobinit_nopinit_hold_wdt:__TI_auto_init_nobinit_nopinit_hold_wdt</name>
         <load_address>0xde02</load_address>
         <run_address>0xde02</run_address>
         <size>0x6a</size>
         <input_file_ref idref="fl-4e"/>
      </object_component>
      <object_component id="oc-50b">
         <name>.text:__mspabi_fixdli</name>
         <load_address>0xde6c</load_address>
         <run_address>0xde6c</run_address>
         <size>0x66</size>
         <input_file_ref idref="fl-5a"/>
      </object_component>
      <object_component id="oc-456">
         <name>.text:Timer_A_initUpMode</name>
         <load_address>0xded2</load_address>
         <run_address>0xded2</run_address>
         <size>0x5c</size>
         <input_file_ref idref="fl-18"/>
      </object_component>
      <object_component id="oc-410">
         <name>.text:Init_LCD</name>
         <load_address>0xdf2e</load_address>
         <run_address>0xdf2e</run_address>
         <size>0x48</size>
         <input_file_ref idref="fl-2"/>
      </object_component>
      <object_component id="oc-45f">
         <name>.text:Timer_A_initContinuousMode</name>
         <load_address>0xdf76</load_address>
         <run_address>0xdf76</run_address>
         <size>0x40</size>
         <input_file_ref idref="fl-18"/>
      </object_component>
      <object_component id="oc-28a">
         <name>.text:__memcpy_far</name>
         <load_address>0xdfb6</load_address>
         <run_address>0xdfb6</run_address>
         <size>0x40</size>
         <input_file_ref idref="fl-64"/>
      </object_component>
      <object_component id="oc-2b3">
         <name>.text:decompress:ZI:__TI_zero_init_nomemset:__TI_zero_init_nomemset</name>
         <load_address>0xdff6</load_address>
         <run_address>0xdff6</run_address>
         <size>0x3e</size>
         <input_file_ref idref="fl-4f"/>
      </object_component>
      <object_component id="oc-4c7">
         <name>.text:l_asr_const</name>
         <load_address>0xe034</load_address>
         <run_address>0xe034</run_address>
         <size>0x3e</size>
         <input_file_ref idref="fl-38"/>
      </object_component>
      <object_component id="oc-4d1">
         <name>.text:l_lsl_const</name>
         <load_address>0xe072</load_address>
         <run_address>0xe072</run_address>
         <size>0x3e</size>
         <input_file_ref idref="fl-65"/>
      </object_component>
      <object_component id="oc-4d6">
         <name>.text:l_lsr_const</name>
         <load_address>0xe0b0</load_address>
         <run_address>0xe0b0</run_address>
         <size>0x3e</size>
         <input_file_ref idref="fl-4a"/>
      </object_component>
      <object_component id="oc-6a">
         <name>.text:decompress:none:__TI_decompress_none</name>
         <load_address>0xe0ee</load_address>
         <run_address>0xe0ee</run_address>
         <size>0x3c</size>
         <input_file_ref idref="fl-55"/>
      </object_component>
      <object_component id="oc-423">
         <name>.text:GPIO_setAsPeripheralModuleFunctionInputPin</name>
         <load_address>0xe12a</load_address>
         <run_address>0xe12a</run_address>
         <size>0x34</size>
         <input_file_ref idref="fl-e"/>
      </object_component>
      <object_component id="oc-43b">
         <name>.text:GPIO_setAsPeripheralModuleFunctionOutputPin</name>
         <load_address>0xe15e</load_address>
         <run_address>0xe15e</run_address>
         <size>0x34</size>
         <input_file_ref idref="fl-e"/>
      </object_component>
      <object_component id="oc-402">
         <name>.text:Timer_A_initCompareMode</name>
         <load_address>0xe192</load_address>
         <run_address>0xe192</run_address>
         <size>0x2e</size>
         <input_file_ref idref="fl-18"/>
      </object_component>
      <object_component id="oc-4f8">
         <name>.text:__mspabi_subd</name>
         <load_address>0xe1c0</load_address>
         <run_address>0xe1c0</run_address>
         <size>0x2e</size>
         <input_file_ref idref="fl-5f"/>
      </object_component>
      <object_component id="oc-3f3">
         <name>.text</name>
         <load_address>0xe1ee</load_address>
         <run_address>0xe1ee</run_address>
         <size>0x2c</size>
         <input_file_ref idref="fl-39"/>
      </object_component>
      <object_component id="oc-382">
         <name>.text:turnLeft</name>
         <load_address>0xe21a</load_address>
         <run_address>0xe21a</run_address>
         <size>0x2a</size>
         <input_file_ref idref="fl-4"/>
      </object_component>
      <object_component id="oc-3ed">
         <name>.text:__mspabi_fixdi</name>
         <load_address>0xe244</load_address>
         <run_address>0xe244</run_address>
         <size>0x28</size>
         <input_file_ref idref="fl-59"/>
      </object_component>
      <object_component id="oc-3a0">
         <name>.text:goBackwards</name>
         <load_address>0xe26c</load_address>
         <run_address>0xe26c</run_address>
         <size>0x28</size>
         <input_file_ref idref="fl-4"/>
      </object_component>
      <object_component id="oc-394">
         <name>.text:goForward</name>
         <load_address>0xe294</load_address>
         <run_address>0xe294</run_address>
         <size>0x28</size>
         <input_file_ref idref="fl-4"/>
      </object_component>
      <object_component id="oc-3ac">
         <name>.text:turnRight</name>
         <load_address>0xe2bc</load_address>
         <run_address>0xe2bc</run_address>
         <size>0x28</size>
         <input_file_ref idref="fl-4"/>
      </object_component>
      <object_component id="oc-4cc">
         <name>.text</name>
         <load_address>0xe2e4</load_address>
         <run_address>0xe2e4</run_address>
         <size>0x26</size>
         <input_file_ref idref="fl-4c"/>
      </object_component>
      <object_component id="oc-42f">
         <name>.text:GPIO_setAsInputPinWithPullUpResistor</name>
         <load_address>0xe30a</load_address>
         <run_address>0xe30a</run_address>
         <size>0x22</size>
         <input_file_ref idref="fl-e"/>
      </object_component>
      <object_component id="oc-32f">
         <name>.text:setPWM</name>
         <load_address>0xe32c</load_address>
         <run_address>0xe32c</run_address>
         <size>0x22</size>
         <input_file_ref idref="fl-4"/>
      </object_component>
      <object_component id="oc-429">
         <name>.text:GPIO_selectInterruptEdge</name>
         <load_address>0xe34e</load_address>
         <run_address>0xe34e</run_address>
         <size>0x20</size>
         <input_file_ref idref="fl-e"/>
      </object_component>
      <object_component id="oc-2a1">
         <name>.text:_isr:PORT1_ISR</name>
         <load_address>0xe36e</load_address>
         <run_address>0xe36e</run_address>
         <size>0x1e</size>
         <input_file_ref idref="fl-4"/>
      </object_component>
      <object_component id="oc-2c5">
         <name>.text:_isr:_c_int00_noargs</name>
         <load_address>0xe38c</load_address>
         <run_address>0xe38c</run_address>
         <size>0x1c</size>
         <input_file_ref idref="fl-4d"/>
      </object_component>
      <object_component id="oc-36f">
         <name>.text:GPIO_getInputPinValue</name>
         <load_address>0xe3a8</load_address>
         <run_address>0xe3a8</run_address>
         <size>0x1a</size>
         <input_file_ref idref="fl-e"/>
      </object_component>
      <object_component id="oc-41d">
         <name>.text:GPIO_setAsOutputPin</name>
         <load_address>0xe3c2</load_address>
         <run_address>0xe3c2</run_address>
         <size>0x1a</size>
         <input_file_ref idref="fl-e"/>
      </object_component>
      <object_component id="oc-37b">
         <name>.text:LCD_Display_battery</name>
         <load_address>0xe3dc</load_address>
         <run_address>0xe3dc</run_address>
         <size>0x1a</size>
         <input_file_ref idref="fl-2"/>
      </object_component>
      <object_component id="oc-2a7">
         <name>.text:_isr:WDT_ISR</name>
         <load_address>0xe3f6</load_address>
         <run_address>0xe3f6</run_address>
         <size>0x1a</size>
         <input_file_ref idref="fl-3"/>
      </object_component>
      <object_component id="oc-388">
         <name>.text:LCD_Clear</name>
         <load_address>0xe410</load_address>
         <run_address>0xe410</run_address>
         <size>0x18</size>
         <input_file_ref idref="fl-2"/>
      </object_component>
      <object_component id="oc-300">
         <name>.text:GPIO_clearInterrupt</name>
         <load_address>0xe428</load_address>
         <run_address>0xe428</run_address>
         <size>0x16</size>
         <input_file_ref idref="fl-e"/>
      </object_component>
      <object_component id="oc-435">
         <name>.text:GPIO_enableInterrupt</name>
         <load_address>0xe43e</load_address>
         <run_address>0xe43e</run_address>
         <size>0x16</size>
         <input_file_ref idref="fl-e"/>
      </object_component>
      <object_component id="oc-375">
         <name>.text:GPIO_setOutputHighOnPin</name>
         <load_address>0xe454</load_address>
         <run_address>0xe454</run_address>
         <size>0x16</size>
         <input_file_ref idref="fl-e"/>
      </object_component>
      <object_component id="oc-447">
         <name>.text:GPIO_setOutputLowOnPin</name>
         <load_address>0xe46a</load_address>
         <run_address>0xe46a</run_address>
         <size>0x16</size>
         <input_file_ref idref="fl-e"/>
      </object_component>
      <object_component id="oc-512">
         <name>.text</name>
         <load_address>0xe480</load_address>
         <run_address>0xe480</run_address>
         <size>0x16</size>
         <input_file_ref idref="fl-3a"/>
      </object_component>
      <object_component id="oc-3b2">
         <name>.text:setRowsLow</name>
         <load_address>0xe496</load_address>
         <run_address>0xe496</run_address>
         <size>0x16</size>
         <input_file_ref idref="fl-4"/>
      </object_component>
      <object_component id="oc-29b">
         <name>.text:_isr:PORT2_ISR</name>
         <load_address>0xe4ac</load_address>
         <run_address>0xe4ac</run_address>
         <size>0x14</size>
         <input_file_ref idref="fl-4"/>
      </object_component>
      <object_component id="oc-38e">
         <name>.text</name>
         <load_address>0xe4c0</load_address>
         <run_address>0xe4c0</run_address>
         <size>0x14</size>
         <input_file_ref idref="fl-4b"/>
      </object_component>
      <object_component id="oc-39a">
         <name>.text:LCD_Display_R</name>
         <load_address>0xe4d4</load_address>
         <run_address>0xe4d4</run_address>
         <size>0x12</size>
         <input_file_ref idref="fl-2"/>
      </object_component>
      <object_component id="oc-450">
         <name>.text:memcpy</name>
         <load_address>0xe4e6</load_address>
         <run_address>0xe4e6</run_address>
         <size>0x12</size>
         <input_file_ref idref="fl-63"/>
      </object_component>
      <object_component id="oc-4e9">
         <name>.text:l_asr</name>
         <load_address>0xe4f8</load_address>
         <run_address>0xe4f8</run_address>
         <size>0x10</size>
         <input_file_ref idref="fl-38"/>
      </object_component>
      <object_component id="oc-4df">
         <name>.text:l_lsl</name>
         <load_address>0xe508</load_address>
         <run_address>0xe508</run_address>
         <size>0x10</size>
         <input_file_ref idref="fl-65"/>
      </object_component>
      <object_component id="oc-4e4">
         <name>.text:l_lsr</name>
         <load_address>0xe518</load_address>
         <run_address>0xe518</run_address>
         <size>0x10</size>
         <input_file_ref idref="fl-4a"/>
      </object_component>
      <object_component id="oc-417">
         <name>.text:LCD_Display_digit</name>
         <load_address>0xe528</load_address>
         <run_address>0xe528</run_address>
         <size>0xc</size>
         <input_file_ref idref="fl-2"/>
      </object_component>
      <object_component id="oc-46e">
         <name>.text:Timer_A_startCounter</name>
         <load_address>0xe534</load_address>
         <run_address>0xe534</run_address>
         <size>0xc</size>
         <input_file_ref idref="fl-18"/>
      </object_component>
      <object_component id="oc-3a6">
         <name>.text:toggle_direction_LEDs</name>
         <load_address>0xe540</load_address>
         <run_address>0xe540</run_address>
         <size>0xa</size>
         <input_file_ref idref="fl-4"/>
      </object_component>
      <object_component id="oc-465">
         <name>.text:Timer_A_clearCaptureCompareInterrupt</name>
         <load_address>0xe54a</load_address>
         <run_address>0xe54a</run_address>
         <size>0x8</size>
         <input_file_ref idref="fl-18"/>
      </object_component>
      <object_component id="oc-30c">
         <name>.text:Timer_A_getCaptureCompareCount</name>
         <load_address>0xe552</load_address>
         <run_address>0xe552</run_address>
         <size>0x8</size>
         <input_file_ref idref="fl-18"/>
      </object_component>
      <object_component id="oc-335">
         <name>.text:Timer_A_setCompareValue</name>
         <load_address>0xe55a</load_address>
         <run_address>0xe55a</run_address>
         <size>0x8</size>
         <input_file_ref idref="fl-18"/>
      </object_component>
      <object_component id="oc-296">
         <name>.text:_isr:__TI_ISR_TRAP</name>
         <load_address>0xe562</load_address>
         <run_address>0xe562</run_address>
         <size>0x8</size>
         <input_file_ref idref="fl-47"/>
      </object_component>
      <object_component id="oc-441">
         <name>.text:PMM_unlockLPM5</name>
         <load_address>0xe56a</load_address>
         <run_address>0xe56a</run_address>
         <size>0x6</size>
         <input_file_ref idref="fl-12"/>
      </object_component>
      <object_component id="oc-475">
         <name>.text:abort</name>
         <load_address>0xe570</load_address>
         <run_address>0xe570</run_address>
         <size>0x6</size>
         <input_file_ref idref="fl-60"/>
      </object_component>
      <object_component id="oc-348">
         <name>.text:_system_pre_init</name>
         <load_address>0xe576</load_address>
         <run_address>0xe576</run_address>
         <size>0x4</size>
         <input_file_ref idref="fl-53"/>
      </object_component>
      <object_component id="oc-54d">
         <name>.text:_system_post_cinit</name>
         <load_address>0xe57a</load_address>
         <run_address>0xe57a</run_address>
         <size>0x2</size>
         <input_file_ref idref="fl-54"/>
      </object_component>
      <object_component id="oc-416">
         <name>.common:direction_state</name>
         <uninitialized>true</uninitialized>
         <run_address>0x2010</run_address>
         <size>0x2</size>
      </object_component>
      <object_component id="oc-381">
         <name>.common:speed</name>
         <uninitialized>true</uninitialized>
         <run_address>0x2014</run_address>
         <size>0x2</size>
      </object_component>
      <object_component id="oc-393">
         <name>.common:highPeriod</name>
         <uninitialized>true</uninitialized>
         <run_address>0x2012</run_address>
         <size>0x2</size>
      </object_component>
      <object_component id="oc-312">
         <name>.common:timed_counter</name>
         <uninitialized>true</uninitialized>
         <run_address>0x2016</run_address>
         <size>0x2</size>
      </object_component>
      <object_component id="oc-322">
         <name>.common:distance_traveled</name>
         <uninitialized>true</uninitialized>
         <run_address>0x2008</run_address>
         <size>0x8</size>
      </object_component>
      <object_component id="oc-31b">
         <name>.common:current_speed</name>
         <uninitialized>true</uninitialized>
         <run_address>0x2000</run_address>
         <size>0x8</size>
      </object_component>
      <object_component id="oc-308">
         <name>.data</name>
         <load_address>0x2020</load_address>
         <run_address>0x2020</run_address>
         <size>0x2</size>
         <input_file_ref idref="fl-3"/>
      </object_component>
      <object_component id="oc-3ff">
         <name>.data:initComp2Param</name>
         <load_address>0x2018</load_address>
         <run_address>0x2018</run_address>
         <size>0x8</size>
         <input_file_ref idref="fl-4"/>
      </object_component>
      <object_component id="oc-27b">
         <name>.stack</name>
         <uninitialized>true</uninitialized>
         <run_address>0x2760</run_address>
         <size>0x2</size>
         <input_file_ref idref="fl-4d"/>
      </object_component>
      <object_component id="oc-63f">
         <name>.stack</name>
         <uninitialized>true</uninitialized>
         <run_address>0x2760</run_address>
         <size>0x0</size>
      </object_component>
      <object_component id="oc-70">
         <name>.int45</name>
         <load_address>0xffe2</load_address>
         <run_address>0xffe2</run_address>
         <size>0x2</size>
         <input_file_ref idref="fl-3d"/>
      </object_component>
      <object_component id="oc-71">
         <name>.int46</name>
         <load_address>0xffe4</load_address>
         <run_address>0xffe4</run_address>
         <size>0x2</size>
         <input_file_ref idref="fl-4"/>
      </object_component>
      <object_component id="oc-72">
         <name>.int47</name>
         <load_address>0xffe6</load_address>
         <run_address>0xffe6</run_address>
         <size>0x2</size>
         <input_file_ref idref="fl-4"/>
      </object_component>
      <object_component id="oc-73">
         <name>.int48</name>
         <load_address>0xffe8</load_address>
         <run_address>0xffe8</run_address>
         <size>0x2</size>
         <input_file_ref idref="fl-3e"/>
      </object_component>
      <object_component id="oc-74">
         <name>.int49</name>
         <load_address>0xffea</load_address>
         <run_address>0xffea</run_address>
         <size>0x2</size>
         <input_file_ref idref="fl-3f"/>
      </object_component>
      <object_component id="oc-75">
         <name>.int50</name>
         <load_address>0xffec</load_address>
         <run_address>0xffec</run_address>
         <size>0x2</size>
         <input_file_ref idref="fl-40"/>
      </object_component>
      <object_component id="oc-76">
         <name>.int51</name>
         <load_address>0xffee</load_address>
         <run_address>0xffee</run_address>
         <size>0x2</size>
         <input_file_ref idref="fl-3"/>
      </object_component>
      <object_component id="oc-77">
         <name>.int52</name>
         <load_address>0xfff0</load_address>
         <run_address>0xfff0</run_address>
         <size>0x2</size>
         <input_file_ref idref="fl-41"/>
      </object_component>
      <object_component id="oc-78">
         <name>.int53</name>
         <load_address>0xfff2</load_address>
         <run_address>0xfff2</run_address>
         <size>0x2</size>
         <input_file_ref idref="fl-42"/>
      </object_component>
      <object_component id="oc-79">
         <name>.int54</name>
         <load_address>0xfff4</load_address>
         <run_address>0xfff4</run_address>
         <size>0x2</size>
         <input_file_ref idref="fl-43"/>
      </object_component>
      <object_component id="oc-7a">
         <name>.int55</name>
         <load_address>0xfff6</load_address>
         <run_address>0xfff6</run_address>
         <size>0x2</size>
         <input_file_ref idref="fl-44"/>
      </object_component>
      <object_component id="oc-7b">
         <name>.int56</name>
         <load_address>0xfff8</load_address>
         <run_address>0xfff8</run_address>
         <size>0x2</size>
         <input_file_ref idref="fl-4"/>
      </object_component>
      <object_component id="oc-7c">
         <name>.int57</name>
         <load_address>0xfffa</load_address>
         <run_address>0xfffa</run_address>
         <size>0x2</size>
         <input_file_ref idref="fl-45"/>
      </object_component>
      <object_component id="oc-7d">
         <name>.int58</name>
         <load_address>0xfffc</load_address>
         <run_address>0xfffc</run_address>
         <size>0x2</size>
         <input_file_ref idref="fl-46"/>
      </object_component>
      <object_component id="oc-27e">
         <name>.reset</name>
         <load_address>0xfffe</load_address>
         <run_address>0xfffe</run_address>
         <size>0x2</size>
         <input_file_ref idref="fl-4d"/>
      </object_component>
      <object_component id="oc-4c6">
         <name>.debug_info</name>
         <load_address>0x0</load_address>
         <run_address>0x0</run_address>
         <size>0x31c</size>
         <input_file_ref idref="fl-2"/>
      </object_component>
      <object_component id="oc-3fc">
         <name>.debug_info</name>
         <load_address>0x31c</load_address>
         <run_address>0x31c</run_address>
         <size>0xca</size>
         <input_file_ref idref="fl-2"/>
      </object_component>
      <object_component id="oc-3f9">
         <name>.debug_info</name>
         <load_address>0x3e6</load_address>
         <run_address>0x3e6</run_address>
         <size>0xc8</size>
         <input_file_ref idref="fl-2"/>
      </object_component>
      <object_component id="oc-4b7">
         <name>.debug_info</name>
         <load_address>0x4ae</load_address>
         <run_address>0x4ae</run_address>
         <size>0xda</size>
         <input_file_ref idref="fl-2"/>
      </object_component>
      <object_component id="oc-32a">
         <name>.debug_info</name>
         <load_address>0x588</load_address>
         <run_address>0x588</run_address>
         <size>0x264</size>
         <input_file_ref idref="fl-2"/>
      </object_component>
      <object_component id="oc-418">
         <name>.debug_info</name>
         <load_address>0x7ec</load_address>
         <run_address>0x7ec</run_address>
         <size>0x15c</size>
         <input_file_ref idref="fl-2"/>
      </object_component>
      <object_component id="oc-37c">
         <name>.debug_info</name>
         <load_address>0x948</load_address>
         <run_address>0x948</run_address>
         <size>0x160</size>
         <input_file_ref idref="fl-2"/>
      </object_component>
      <object_component id="oc-39b">
         <name>.debug_info</name>
         <load_address>0xaa8</load_address>
         <run_address>0xaa8</run_address>
         <size>0x11c</size>
         <input_file_ref idref="fl-2"/>
      </object_component>
      <object_component id="oc-389">
         <name>.debug_info</name>
         <load_address>0xbc4</load_address>
         <run_address>0xbc4</run_address>
         <size>0x11f</size>
         <input_file_ref idref="fl-2"/>
      </object_component>
      <object_component id="oc-411">
         <name>.debug_info</name>
         <load_address>0xce3</load_address>
         <run_address>0xce3</run_address>
         <size>0x112</size>
         <input_file_ref idref="fl-2"/>
      </object_component>
      <object_component id="oc-3cc">
         <name>.debug_info</name>
         <load_address>0xdf5</load_address>
         <run_address>0xdf5</run_address>
         <size>0x26b</size>
         <input_file_ref idref="fl-2"/>
      </object_component>
      <object_component id="oc-285">
         <name>.debug_info</name>
         <load_address>0x1060</load_address>
         <run_address>0x1060</run_address>
         <size>0x84</size>
         <input_file_ref idref="fl-2"/>
      </object_component>
      <object_component id="oc-40a">
         <name>.debug_info</name>
         <load_address>0x10e4</load_address>
         <run_address>0x10e4</run_address>
         <size>0x275</size>
         <input_file_ref idref="fl-2"/>
      </object_component>
      <object_component id="oc-309">
         <name>.debug_info</name>
         <load_address>0x1359</load_address>
         <run_address>0x1359</run_address>
         <size>0x103</size>
         <input_file_ref idref="fl-3"/>
      </object_component>
      <object_component id="oc-2aa">
         <name>.debug_info</name>
         <load_address>0x145c</load_address>
         <run_address>0x145c</run_address>
         <size>0x129</size>
         <input_file_ref idref="fl-3"/>
      </object_component>
      <object_component id="oc-313">
         <name>.debug_info</name>
         <load_address>0x1585</load_address>
         <run_address>0x1585</run_address>
         <size>0xa11</size>
         <input_file_ref idref="fl-4"/>
      </object_component>
      <object_component id="oc-400">
         <name>.debug_info</name>
         <load_address>0x1f96</load_address>
         <run_address>0x1f96</run_address>
         <size>0xd0</size>
         <input_file_ref idref="fl-4"/>
      </object_component>
      <object_component id="oc-44e">
         <name>.debug_info</name>
         <load_address>0x2066</load_address>
         <run_address>0x2066</run_address>
         <size>0xc1</size>
         <input_file_ref idref="fl-4"/>
      </object_component>
      <object_component id="oc-45d">
         <name>.debug_info</name>
         <load_address>0x2127</load_address>
         <run_address>0x2127</run_address>
         <size>0xc1</size>
         <input_file_ref idref="fl-4"/>
      </object_component>
      <object_component id="oc-46c">
         <name>.debug_info</name>
         <load_address>0x21e8</load_address>
         <run_address>0x21e8</run_address>
         <size>0xc1</size>
         <input_file_ref idref="fl-4"/>
      </object_component>
      <object_component id="oc-3ad">
         <name>.debug_info</name>
         <load_address>0x22a9</load_address>
         <run_address>0x22a9</run_address>
         <size>0x166</size>
         <input_file_ref idref="fl-4"/>
      </object_component>
      <object_component id="oc-383">
         <name>.debug_info</name>
         <load_address>0x240f</load_address>
         <run_address>0x240f</run_address>
         <size>0x164</size>
         <input_file_ref idref="fl-4"/>
      </object_component>
      <object_component id="oc-3a7">
         <name>.debug_info</name>
         <load_address>0x2573</load_address>
         <run_address>0x2573</run_address>
         <size>0x108</size>
         <input_file_ref idref="fl-4"/>
      </object_component>
      <object_component id="oc-3b3">
         <name>.debug_info</name>
         <load_address>0x267b</load_address>
         <run_address>0x267b</run_address>
         <size>0x12c</size>
         <input_file_ref idref="fl-4"/>
      </object_component>
      <object_component id="oc-330">
         <name>.debug_info</name>
         <load_address>0x27a7</load_address>
         <run_address>0x27a7</run_address>
         <size>0x108</size>
         <input_file_ref idref="fl-4"/>
      </object_component>
      <object_component id="oc-395">
         <name>.debug_info</name>
         <load_address>0x28af</load_address>
         <run_address>0x28af</run_address>
         <size>0x166</size>
         <input_file_ref idref="fl-4"/>
      </object_component>
      <object_component id="oc-34f">
         <name>.debug_info</name>
         <load_address>0x2a15</load_address>
         <run_address>0x2a15</run_address>
         <size>0x549</size>
         <input_file_ref idref="fl-4"/>
      </object_component>
      <object_component id="oc-3a1">
         <name>.debug_info</name>
         <load_address>0x2f5e</load_address>
         <run_address>0x2f5e</run_address>
         <size>0x16a</size>
         <input_file_ref idref="fl-4"/>
      </object_component>
      <object_component id="oc-316">
         <name>.debug_info</name>
         <load_address>0x30c8</load_address>
         <run_address>0x30c8</run_address>
         <size>0x113</size>
         <input_file_ref idref="fl-4"/>
      </object_component>
      <object_component id="oc-2ae">
         <name>.debug_info</name>
         <load_address>0x31db</load_address>
         <run_address>0x31db</run_address>
         <size>0x1c3</size>
         <input_file_ref idref="fl-4"/>
      </object_component>
      <object_component id="oc-2fb">
         <name>.debug_info</name>
         <load_address>0x339e</load_address>
         <run_address>0x339e</run_address>
         <size>0x368</size>
         <input_file_ref idref="fl-4"/>
      </object_component>
      <object_component id="oc-29c">
         <name>.debug_info</name>
         <load_address>0x3706</load_address>
         <run_address>0x3706</run_address>
         <size>0x118</size>
         <input_file_ref idref="fl-4"/>
      </object_component>
      <object_component id="oc-2a2">
         <name>.debug_info</name>
         <load_address>0x381e</load_address>
         <run_address>0x381e</run_address>
         <size>0x132</size>
         <input_file_ref idref="fl-4"/>
      </object_component>
      <object_component id="oc-3c7">
         <name>.debug_info</name>
         <load_address>0x3950</load_address>
         <run_address>0x3950</run_address>
         <size>0x392</size>
         <input_file_ref idref="fl-4"/>
      </object_component>
      <object_component id="oc-3c2">
         <name>.debug_info</name>
         <load_address>0x3ce2</load_address>
         <run_address>0x3ce2</run_address>
         <size>0x8b</size>
         <input_file_ref idref="fl-4"/>
      </object_component>
      <object_component id="oc-33c">
         <name>.debug_info</name>
         <load_address>0x3d6d</load_address>
         <run_address>0x3d6d</run_address>
         <size>0xbb</size>
         <input_file_ref idref="fl-4"/>
      </object_component>
      <object_component id="oc-4c5">
         <name>.debug_info</name>
         <load_address>0x3e28</load_address>
         <run_address>0x3e28</run_address>
         <size>0x15c</size>
         <input_file_ref idref="fl-e"/>
      </object_component>
      <object_component id="oc-3ba">
         <name>.debug_info</name>
         <load_address>0x3f84</load_address>
         <run_address>0x3f84</run_address>
         <size>0xef</size>
         <input_file_ref idref="fl-e"/>
      </object_component>
      <object_component id="oc-448">
         <name>.debug_info</name>
         <load_address>0x4073</load_address>
         <run_address>0x4073</run_address>
         <size>0x1fe</size>
         <input_file_ref idref="fl-e"/>
      </object_component>
      <object_component id="oc-376">
         <name>.debug_info</name>
         <load_address>0x4271</load_address>
         <run_address>0x4271</run_address>
         <size>0x200</size>
         <input_file_ref idref="fl-e"/>
      </object_component>
      <object_component id="oc-43c">
         <name>.debug_info</name>
         <load_address>0x4471</load_address>
         <run_address>0x4471</run_address>
         <size>0x247</size>
         <input_file_ref idref="fl-e"/>
      </object_component>
      <object_component id="oc-424">
         <name>.debug_info</name>
         <load_address>0x46b8</load_address>
         <run_address>0x46b8</run_address>
         <size>0x246</size>
         <input_file_ref idref="fl-e"/>
      </object_component>
      <object_component id="oc-41e">
         <name>.debug_info</name>
         <load_address>0x48fe</load_address>
         <run_address>0x48fe</run_address>
         <size>0x1f5</size>
         <input_file_ref idref="fl-e"/>
      </object_component>
      <object_component id="oc-430">
         <name>.debug_info</name>
         <load_address>0x4af3</load_address>
         <run_address>0x4af3</run_address>
         <size>0x21a</size>
         <input_file_ref idref="fl-e"/>
      </object_component>
      <object_component id="oc-42b">
         <name>.debug_info</name>
         <load_address>0x4d0d</load_address>
         <run_address>0x4d0d</run_address>
         <size>0x23c</size>
         <input_file_ref idref="fl-e"/>
      </object_component>
      <object_component id="oc-371">
         <name>.debug_info</name>
         <load_address>0x4f49</load_address>
         <run_address>0x4f49</run_address>
         <size>0x200</size>
         <input_file_ref idref="fl-e"/>
      </object_component>
      <object_component id="oc-437">
         <name>.debug_info</name>
         <load_address>0x5149</load_address>
         <run_address>0x5149</run_address>
         <size>0x1fa</size>
         <input_file_ref idref="fl-e"/>
      </object_component>
      <object_component id="oc-301">
         <name>.debug_info</name>
         <load_address>0x5343</load_address>
         <run_address>0x5343</run_address>
         <size>0x1f8</size>
         <input_file_ref idref="fl-e"/>
      </object_component>
      <object_component id="oc-442">
         <name>.debug_info</name>
         <load_address>0x553b</load_address>
         <run_address>0x553b</run_address>
         <size>0x145</size>
         <input_file_ref idref="fl-12"/>
      </object_component>
      <object_component id="oc-51f">
         <name>.debug_info</name>
         <load_address>0x5680</load_address>
         <run_address>0x5680</run_address>
         <size>0x170</size>
         <input_file_ref idref="fl-18"/>
      </object_component>
      <object_component id="oc-46f">
         <name>.debug_info</name>
         <load_address>0x57f0</load_address>
         <run_address>0x57f0</run_address>
         <size>0x1d1</size>
         <input_file_ref idref="fl-18"/>
      </object_component>
      <object_component id="oc-336">
         <name>.debug_info</name>
         <load_address>0x59c1</load_address>
         <run_address>0x59c1</run_address>
         <size>0x215</size>
         <input_file_ref idref="fl-18"/>
      </object_component>
      <object_component id="oc-457">
         <name>.debug_info</name>
         <load_address>0x5bd6</load_address>
         <run_address>0x5bd6</run_address>
         <size>0x1bd</size>
         <input_file_ref idref="fl-18"/>
      </object_component>
      <object_component id="oc-460">
         <name>.debug_info</name>
         <load_address>0x5d93</load_address>
         <run_address>0x5d93</run_address>
         <size>0x1cd</size>
         <input_file_ref idref="fl-18"/>
      </object_component>
      <object_component id="oc-403">
         <name>.debug_info</name>
         <load_address>0x5f60</load_address>
         <run_address>0x5f60</run_address>
         <size>0x1c7</size>
         <input_file_ref idref="fl-18"/>
      </object_component>
      <object_component id="oc-30d">
         <name>.debug_info</name>
         <load_address>0x6127</load_address>
         <run_address>0x6127</run_address>
         <size>0x1ff</size>
         <input_file_ref idref="fl-18"/>
      </object_component>
      <object_component id="oc-466">
         <name>.debug_info</name>
         <load_address>0x6326</load_address>
         <run_address>0x6326</run_address>
         <size>0x209</size>
         <input_file_ref idref="fl-18"/>
      </object_component>
      <object_component id="oc-505">
         <name>.debug_info</name>
         <load_address>0x652f</load_address>
         <run_address>0x652f</run_address>
         <size>0x16c</size>
         <input_file_ref idref="fl-37"/>
      </object_component>
      <object_component id="oc-3e8">
         <name>.debug_info</name>
         <load_address>0x669b</load_address>
         <run_address>0x669b</run_address>
         <size>0x209</size>
         <input_file_ref idref="fl-37"/>
      </object_component>
      <object_component id="oc-58c">
         <name>.debug_info</name>
         <load_address>0x68a4</load_address>
         <run_address>0x68a4</run_address>
         <size>0x46</size>
         <input_file_ref idref="fl-37"/>
      </object_component>
      <object_component id="oc-506">
         <name>.debug_info</name>
         <load_address>0x68ea</load_address>
         <run_address>0x68ea</run_address>
         <size>0x39</size>
         <input_file_ref idref="fl-37"/>
      </object_component>
      <object_component id="oc-4eb">
         <name>.debug_info</name>
         <load_address>0x6923</load_address>
         <run_address>0x6923</run_address>
         <size>0x123</size>
         <input_file_ref idref="fl-38"/>
      </object_component>
      <object_component id="oc-4c8">
         <name>.debug_info</name>
         <load_address>0x6a46</load_address>
         <run_address>0x6a46</run_address>
         <size>0x129</size>
         <input_file_ref idref="fl-38"/>
      </object_component>
      <object_component id="oc-3f4">
         <name>.debug_info</name>
         <load_address>0x6b6f</load_address>
         <run_address>0x6b6f</run_address>
         <size>0x138</size>
         <input_file_ref idref="fl-39"/>
      </object_component>
      <object_component id="oc-514">
         <name>.debug_info</name>
         <load_address>0x6ca7</load_address>
         <run_address>0x6ca7</run_address>
         <size>0x124</size>
         <input_file_ref idref="fl-3a"/>
      </object_component>
      <object_component id="oc-298">
         <name>.debug_info</name>
         <load_address>0x6dcb</load_address>
         <run_address>0x6dcb</run_address>
         <size>0x112</size>
         <input_file_ref idref="fl-47"/>
      </object_component>
      <object_component id="oc-4e5">
         <name>.debug_info</name>
         <load_address>0x6edd</load_address>
         <run_address>0x6edd</run_address>
         <size>0x123</size>
         <input_file_ref idref="fl-4a"/>
      </object_component>
      <object_component id="oc-4d8">
         <name>.debug_info</name>
         <load_address>0x7000</load_address>
         <run_address>0x7000</run_address>
         <size>0x129</size>
         <input_file_ref idref="fl-4a"/>
      </object_component>
      <object_component id="oc-38f">
         <name>.debug_info</name>
         <load_address>0x7129</load_address>
         <run_address>0x7129</run_address>
         <size>0x124</size>
         <input_file_ref idref="fl-4b"/>
      </object_component>
      <object_component id="oc-4ce">
         <name>.debug_info</name>
         <load_address>0x724d</load_address>
         <run_address>0x724d</run_address>
         <size>0x124</size>
         <input_file_ref idref="fl-4c"/>
      </object_component>
      <object_component id="oc-27c">
         <name>.debug_info</name>
         <load_address>0x7371</load_address>
         <run_address>0x7371</run_address>
         <size>0x100</size>
         <input_file_ref idref="fl-4d"/>
      </object_component>
      <object_component id="oc-2c7">
         <name>.debug_info</name>
         <load_address>0x7471</load_address>
         <run_address>0x7471</run_address>
         <size>0x17a</size>
         <input_file_ref idref="fl-4d"/>
      </object_component>
      <object_component id="oc-554">
         <name>.debug_info</name>
         <load_address>0x75eb</load_address>
         <run_address>0x75eb</run_address>
         <size>0x4a8</size>
         <input_file_ref idref="fl-4e"/>
      </object_component>
      <object_component id="oc-49a">
         <name>.debug_info</name>
         <load_address>0x7a93</load_address>
         <run_address>0x7a93</run_address>
         <size>0x216</size>
         <input_file_ref idref="fl-4e"/>
      </object_component>
      <object_component id="oc-5ae">
         <name>.debug_info</name>
         <load_address>0x7ca9</load_address>
         <run_address>0x7ca9</run_address>
         <size>0x39</size>
         <input_file_ref idref="fl-4e"/>
      </object_component>
      <object_component id="oc-5ba">
         <name>.debug_info</name>
         <load_address>0x7ce2</load_address>
         <run_address>0x7ce2</run_address>
         <size>0x2c</size>
         <input_file_ref idref="fl-4e"/>
      </object_component>
      <object_component id="oc-55f">
         <name>.debug_info</name>
         <load_address>0x7d0e</load_address>
         <run_address>0x7d0e</run_address>
         <size>0x2c</size>
         <input_file_ref idref="fl-4e"/>
      </object_component>
      <object_component id="oc-5b3">
         <name>.debug_info</name>
         <load_address>0x7d3a</load_address>
         <run_address>0x7d3a</run_address>
         <size>0xcd</size>
         <input_file_ref idref="fl-4e"/>
      </object_component>
      <object_component id="oc-2b4">
         <name>.debug_info</name>
         <load_address>0x7e07</load_address>
         <run_address>0x7e07</run_address>
         <size>0x1d3</size>
         <input_file_ref idref="fl-4f"/>
      </object_component>
      <object_component id="oc-342">
         <name>.debug_info</name>
         <load_address>0x7fda</load_address>
         <run_address>0x7fda</run_address>
         <size>0x46</size>
         <input_file_ref idref="fl-4f"/>
      </object_component>
      <object_component id="oc-52e">
         <name>.debug_info</name>
         <load_address>0x8020</load_address>
         <run_address>0x8020</run_address>
         <size>0x2c</size>
         <input_file_ref idref="fl-50"/>
      </object_component>
      <object_component id="oc-349">
         <name>.debug_info</name>
         <load_address>0x804c</load_address>
         <run_address>0x804c</run_address>
         <size>0x153</size>
         <input_file_ref idref="fl-53"/>
      </object_component>
      <object_component id="oc-54e">
         <name>.debug_info</name>
         <load_address>0x819f</load_address>
         <run_address>0x819f</run_address>
         <size>0x150</size>
         <input_file_ref idref="fl-54"/>
      </object_component>
      <object_component id="oc-295">
         <name>.debug_info</name>
         <load_address>0x82ef</load_address>
         <run_address>0x82ef</run_address>
         <size>0x1da</size>
         <input_file_ref idref="fl-55"/>
      </object_component>
      <object_component id="oc-6b">
         <name>.debug_info</name>
         <load_address>0x84c9</load_address>
         <run_address>0x84c9</run_address>
         <size>0x1f2</size>
         <input_file_ref idref="fl-55"/>
      </object_component>
      <object_component id="oc-290">
         <name>.debug_info</name>
         <load_address>0x86bb</load_address>
         <run_address>0x86bb</run_address>
         <size>0x46</size>
         <input_file_ref idref="fl-55"/>
      </object_component>
      <object_component id="oc-66">
         <name>.debug_info</name>
         <load_address>0x8701</load_address>
         <run_address>0x8701</run_address>
         <size>0x2b8</size>
         <input_file_ref idref="fl-56"/>
      </object_component>
      <object_component id="oc-36a">
         <name>.debug_info</name>
         <load_address>0x89b9</load_address>
         <run_address>0x89b9</run_address>
         <size>0x46</size>
         <input_file_ref idref="fl-56"/>
      </object_component>
      <object_component id="oc-2f1">
         <name>.debug_info</name>
         <load_address>0x89ff</load_address>
         <run_address>0x89ff</run_address>
         <size>0x39</size>
         <input_file_ref idref="fl-56"/>
      </object_component>
      <object_component id="oc-280">
         <name>.debug_info</name>
         <load_address>0x8a38</load_address>
         <run_address>0x8a38</run_address>
         <size>0x60</size>
         <input_file_ref idref="fl-56"/>
      </object_component>
      <object_component id="oc-3e6">
         <name>.debug_info</name>
         <load_address>0x8a98</load_address>
         <run_address>0x8a98</run_address>
         <size>0x1a2</size>
         <input_file_ref idref="fl-57"/>
      </object_component>
      <object_component id="oc-326">
         <name>.debug_info</name>
         <load_address>0x8c3a</load_address>
         <run_address>0x8c3a</run_address>
         <size>0x228</size>
         <input_file_ref idref="fl-57"/>
      </object_component>
      <object_component id="oc-3d9">
         <name>.debug_info</name>
         <load_address>0x8e62</load_address>
         <run_address>0x8e62</run_address>
         <size>0x94</size>
         <input_file_ref idref="fl-57"/>
      </object_component>
      <object_component id="oc-589">
         <name>.debug_info</name>
         <load_address>0x8ef6</load_address>
         <run_address>0x8ef6</run_address>
         <size>0x19d</size>
         <input_file_ref idref="fl-58"/>
      </object_component>
      <object_component id="oc-502">
         <name>.debug_info</name>
         <load_address>0x9093</load_address>
         <run_address>0x9093</run_address>
         <size>0x252</size>
         <input_file_ref idref="fl-58"/>
      </object_component>
      <object_component id="oc-3f1">
         <name>.debug_info</name>
         <load_address>0x92e5</load_address>
         <run_address>0x92e5</run_address>
         <size>0x17c</size>
         <input_file_ref idref="fl-59"/>
      </object_component>
      <object_component id="oc-50f">
         <name>.debug_info</name>
         <load_address>0x9461</load_address>
         <run_address>0x9461</run_address>
         <size>0x1b0</size>
         <input_file_ref idref="fl-5a"/>
      </object_component>
      <object_component id="oc-4f5">
         <name>.debug_info</name>
         <load_address>0x9611</load_address>
         <run_address>0x9611</run_address>
         <size>0x19b</size>
         <input_file_ref idref="fl-5b"/>
      </object_component>
      <object_component id="oc-3e2">
         <name>.debug_info</name>
         <load_address>0x97ac</load_address>
         <run_address>0x97ac</run_address>
         <size>0x2bc</size>
         <input_file_ref idref="fl-5b"/>
      </object_component>
      <object_component id="oc-5c2">
         <name>.debug_info</name>
         <load_address>0x9a68</load_address>
         <run_address>0x9a68</run_address>
         <size>0x16d</size>
         <input_file_ref idref="fl-5c"/>
      </object_component>
      <object_component id="oc-585">
         <name>.debug_info</name>
         <load_address>0x9bd5</load_address>
         <run_address>0x9bd5</run_address>
         <size>0x5bd</size>
         <input_file_ref idref="fl-5c"/>
      </object_component>
      <object_component id="oc-3de">
         <name>.debug_info</name>
         <load_address>0xa192</load_address>
         <run_address>0xa192</run_address>
         <size>0x19d</size>
         <input_file_ref idref="fl-5d"/>
      </object_component>
      <object_component id="oc-31f">
         <name>.debug_info</name>
         <load_address>0xa32f</load_address>
         <run_address>0xa32f</run_address>
         <size>0x263</size>
         <input_file_ref idref="fl-5d"/>
      </object_component>
      <object_component id="oc-57e">
         <name>.debug_info</name>
         <load_address>0xa592</load_address>
         <run_address>0xa592</run_address>
         <size>0x16d</size>
         <input_file_ref idref="fl-5e"/>
      </object_component>
      <object_component id="oc-4f1">
         <name>.debug_info</name>
         <load_address>0xa6ff</load_address>
         <run_address>0xa6ff</run_address>
         <size>0x1dd</size>
         <input_file_ref idref="fl-5e"/>
      </object_component>
      <object_component id="oc-4fb">
         <name>.debug_info</name>
         <load_address>0xa8dc</load_address>
         <run_address>0xa8dc</run_address>
         <size>0x1a3</size>
         <input_file_ref idref="fl-5f"/>
      </object_component>
      <object_component id="oc-476">
         <name>.debug_info</name>
         <load_address>0xaa7f</load_address>
         <run_address>0xaa7f</run_address>
         <size>0x122</size>
         <input_file_ref idref="fl-60"/>
      </object_component>
      <object_component id="oc-52d">
         <name>.debug_info</name>
         <load_address>0xaba1</load_address>
         <run_address>0xaba1</run_address>
         <size>0x181</size>
         <input_file_ref idref="fl-63"/>
      </object_component>
      <object_component id="oc-452">
         <name>.debug_info</name>
         <load_address>0xad22</load_address>
         <run_address>0xad22</run_address>
         <size>0x17a</size>
         <input_file_ref idref="fl-63"/>
      </object_component>
      <object_component id="oc-28c">
         <name>.debug_info</name>
         <load_address>0xae9c</load_address>
         <run_address>0xae9c</run_address>
         <size>0x124</size>
         <input_file_ref idref="fl-64"/>
      </object_component>
      <object_component id="oc-4e2">
         <name>.debug_info</name>
         <load_address>0xafc0</load_address>
         <run_address>0xafc0</run_address>
         <size>0x123</size>
         <input_file_ref idref="fl-65"/>
      </object_component>
      <object_component id="oc-4d3">
         <name>.debug_info</name>
         <load_address>0xb0e3</load_address>
         <run_address>0xb0e3</run_address>
         <size>0x129</size>
         <input_file_ref idref="fl-65"/>
      </object_component>
      <object_component id="oc-4dc">
         <name>.debug_info</name>
         <load_address>0xb20c</load_address>
         <run_address>0xb20c</run_address>
         <size>0x16d</size>
         <input_file_ref idref="fl-67"/>
      </object_component>
      <object_component id="oc-3d3">
         <name>.debug_info</name>
         <load_address>0xb379</load_address>
         <run_address>0xb379</run_address>
         <size>0x33d</size>
         <input_file_ref idref="fl-67"/>
      </object_component>
      <object_component id="oc-640">
         <name>.debug_info</name>
         <load_address>0xb6b6</load_address>
         <run_address>0xb6b6</run_address>
         <size>0x96</size>
      </object_component>
      <object_component id="oc-573">
         <name>.debug_line</name>
         <load_address>0x0</load_address>
         <run_address>0x0</run_address>
         <size>0x9c</size>
         <input_file_ref idref="fl-2"/>
      </object_component>
      <object_component id="oc-51b">
         <name>.debug_line</name>
         <load_address>0x9c</load_address>
         <run_address>0x9c</run_address>
         <size>0x39</size>
         <input_file_ref idref="fl-2"/>
      </object_component>
      <object_component id="oc-519">
         <name>.debug_line</name>
         <load_address>0xd5</load_address>
         <run_address>0xd5</run_address>
         <size>0x39</size>
         <input_file_ref idref="fl-2"/>
      </object_component>
      <object_component id="oc-56f">
         <name>.debug_line</name>
         <load_address>0x10e</load_address>
         <run_address>0x10e</run_address>
         <size>0x39</size>
         <input_file_ref idref="fl-2"/>
      </object_component>
      <object_component id="oc-32d">
         <name>.debug_line</name>
         <load_address>0x147</load_address>
         <run_address>0x147</run_address>
         <size>0x74</size>
         <input_file_ref idref="fl-2"/>
      </object_component>
      <object_component id="oc-41b">
         <name>.debug_line</name>
         <load_address>0x1bb</load_address>
         <run_address>0x1bb</run_address>
         <size>0x4f</size>
         <input_file_ref idref="fl-2"/>
      </object_component>
      <object_component id="oc-37f">
         <name>.debug_line</name>
         <load_address>0x20a</load_address>
         <run_address>0x20a</run_address>
         <size>0x50</size>
         <input_file_ref idref="fl-2"/>
      </object_component>
      <object_component id="oc-39e">
         <name>.debug_line</name>
         <load_address>0x25a</load_address>
         <run_address>0x25a</run_address>
         <size>0x50</size>
         <input_file_ref idref="fl-2"/>
      </object_component>
      <object_component id="oc-38c">
         <name>.debug_line</name>
         <load_address>0x2aa</load_address>
         <run_address>0x2aa</run_address>
         <size>0x55</size>
         <input_file_ref idref="fl-2"/>
      </object_component>
      <object_component id="oc-414">
         <name>.debug_line</name>
         <load_address>0x2ff</load_address>
         <run_address>0x2ff</run_address>
         <size>0x5b</size>
         <input_file_ref idref="fl-2"/>
      </object_component>
      <object_component id="oc-3cf">
         <name>.debug_line</name>
         <load_address>0x35a</load_address>
         <run_address>0x35a</run_address>
         <size>0x6c</size>
         <input_file_ref idref="fl-2"/>
      </object_component>
      <object_component id="oc-288">
         <name>.debug_line</name>
         <load_address>0x3c6</load_address>
         <run_address>0x3c6</run_address>
         <size>0x20</size>
         <input_file_ref idref="fl-2"/>
      </object_component>
      <object_component id="oc-40d">
         <name>.debug_line</name>
         <load_address>0x3e6</load_address>
         <run_address>0x3e6</run_address>
         <size>0x70</size>
         <input_file_ref idref="fl-2"/>
      </object_component>
      <object_component id="oc-3be">
         <name>.debug_line</name>
         <load_address>0x456</load_address>
         <run_address>0x456</run_address>
         <size>0x41</size>
         <input_file_ref idref="fl-3"/>
      </object_component>
      <object_component id="oc-2a9">
         <name>.debug_line</name>
         <load_address>0x497</load_address>
         <run_address>0x497</run_address>
         <size>0x5d</size>
         <input_file_ref idref="fl-3"/>
      </object_component>
      <object_component id="oc-3c1">
         <name>.debug_line</name>
         <load_address>0x4f4</load_address>
         <run_address>0x4f4</run_address>
         <size>0x167</size>
         <input_file_ref idref="fl-4"/>
      </object_component>
      <object_component id="oc-51d">
         <name>.debug_line</name>
         <load_address>0x65b</load_address>
         <run_address>0x65b</run_address>
         <size>0x2d</size>
         <input_file_ref idref="fl-4"/>
      </object_component>
      <object_component id="oc-52b">
         <name>.debug_line</name>
         <load_address>0x688</load_address>
         <run_address>0x688</run_address>
         <size>0x2d</size>
         <input_file_ref idref="fl-4"/>
      </object_component>
      <object_component id="oc-535">
         <name>.debug_line</name>
         <load_address>0x6b5</load_address>
         <run_address>0x6b5</run_address>
         <size>0x2d</size>
         <input_file_ref idref="fl-4"/>
      </object_component>
      <object_component id="oc-539">
         <name>.debug_line</name>
         <load_address>0x6e2</load_address>
         <run_address>0x6e2</run_address>
         <size>0x2d</size>
         <input_file_ref idref="fl-4"/>
      </object_component>
      <object_component id="oc-3b0">
         <name>.debug_line</name>
         <load_address>0x70f</load_address>
         <run_address>0x70f</run_address>
         <size>0x47</size>
         <input_file_ref idref="fl-4"/>
      </object_component>
      <object_component id="oc-386">
         <name>.debug_line</name>
         <load_address>0x756</load_address>
         <run_address>0x756</run_address>
         <size>0x47</size>
         <input_file_ref idref="fl-4"/>
      </object_component>
      <object_component id="oc-3aa">
         <name>.debug_line</name>
         <load_address>0x79d</load_address>
         <run_address>0x79d</run_address>
         <size>0x44</size>
         <input_file_ref idref="fl-4"/>
      </object_component>
      <object_component id="oc-3b6">
         <name>.debug_line</name>
         <load_address>0x7e1</load_address>
         <run_address>0x7e1</run_address>
[...]
      </symbol>
      <symbol id="sm-376">
         <name>goBackwards</name>
         <value>0xe26c</value>
         <object_component_ref idref="oc-3a0"/>
      </symbol>
      <symbol id="sm-377">
         <name>__TI_int46</name>
         <value>0xffe4</value>
         <object_component_ref idref="oc-71"/>
      </symbol>
      <symbol id="sm-378">
         <name>__TI_int47</name>
         <value>0xffe6</value>
         <object_component_ref idref="oc-72"/>
      </symbol>
      <symbol id="sm-379">
         <name>__TI_int56</name>
         <value>0xfff8</value>
         <object_component_ref idref="oc-7b"/>
      </symbol>
      <symbol id="sm-37a">
         <name>turnLeft</name>
         <value>0xe21a</value>
         <object_component_ref idref="oc-382"/>
      </symbol>
      <symbol id="sm-37b">
         <name>PORT1_ISR</name>
         <value>0xe36e</value>
         <object_component_ref idref="oc-2a1"/>
      </symbol>
      <symbol id="sm-37c">
         <name>determine_traveling_speed</name>
         <value>0xda02</value>
         <object_component_ref idref="oc-315"/>
      </symbol>
      <symbol id="sm-37d">
         <name>main</name>
         <value>0xd2f4</value>
         <object_component_ref idref="oc-34e"/>
      </symbol>
      <symbol id="sm-37e">
         <name>toggle_direction_LEDs</name>
         <value>0xe540</value>
         <object_component_ref idref="oc-3a6"/>
      </symbol>
      <symbol id="sm-37f">
         <name>PORT2_ISR</name>
         <value>0xe4ac</value>
         <object_component_ref idref="oc-29b"/>
      </symbol>
      <symbol id="sm-380">
         <name>setRowsLow</name>
         <value>0xe496</value>
         <object_component_ref idref="oc-3b2"/>
      </symbol>
      <symbol id="sm-381">
         <name>initComp2Param</name>
         <value>0x2018</value>
         <object_component_ref idref="oc-3ff"/>
      </symbol>
      <symbol id="sm-382">
         <name>turnRight</name>
         <value>0xe2bc</value>
         <object_component_ref idref="oc-3ac"/>
      </symbol>
      <symbol id="sm-383">
         <name>TIMER0_A0_ISR</name>
         <value>0xdd68</value>
         <object_component_ref idref="oc-2ad"/>
      </symbol>
      <symbol id="sm-3f0">
         <name>GPIO_clearInterrupt</name>
         <value>0xe428</value>
         <object_component_ref idref="oc-300"/>
      </symbol>
      <symbol id="sm-3f1">
         <name>GPIO_setOutputHighOnPin</name>
         <value>0xe454</value>
         <object_component_ref idref="oc-375"/>
      </symbol>
      <symbol id="sm-3f2">
         <name>GPIO_selectInterruptEdge</name>
         <value>0xe34e</value>
         <object_component_ref idref="oc-429"/>
      </symbol>
      <symbol id="sm-3f3">
         <name>GPIO_setAsInputPinWithPullUpResistor</name>
         <value>0xe30a</value>
         <object_component_ref idref="oc-42f"/>
      </symbol>
      <symbol id="sm-3f4">
         <name>GPIO_enableInterrupt</name>
         <value>0xe43e</value>
         <object_component_ref idref="oc-435"/>
      </symbol>
      <symbol id="sm-3f5">
         <name>GPIO_setAsOutputPin</name>
         <value>0xe3c2</value>
         <object_component_ref idref="oc-41d"/>
      </symbol>
      <symbol id="sm-3f6">
         <name>GPIO_setOutputLowOnPin</name>
         <value>0xe46a</value>
         <object_component_ref idref="oc-447"/>
      </symbol>
      <symbol id="sm-3f7">
         <name>GPIO_setAsPeripheralModuleFunctionOutputPin</name>
         <value>0xe15e</value>
         <object_component_ref idref="oc-43b"/>
      </symbol>
      <symbol id="sm-3f8">
         <name>GPIO_getInputPinValue</name>
         <value>0xe3a8</value>
         <object_component_ref idref="oc-36f"/>
      </symbol>
      <symbol id="sm-3f9">
         <name>GPIO_setAsPeripheralModuleFunctionInputPin</name>
         <value>0xe12a</value>
         <object_component_ref idref="oc-423"/>
      </symbol>
      <symbol id="sm-405">
         <name>PMM_unlockLPM5</name>
         <value>0xe56a</value>
         <object_component_ref idref="oc-441"/>
      </symbol>
      <symbol id="sm-444">
         <name>Timer_A_setCompareValue</name>
         <value>0xe55a</value>
         <object_component_ref idref="oc-335"/>
      </symbol>
      <symbol id="sm-445">
         <name>Timer_A_clearCaptureCompareInterrupt</name>
         <value>0xe54a</value>
         <object_component_ref idref="oc-465"/>
      </symbol>
      <symbol id="sm-446">
         <name>Timer_A_initUpMode</name>
         <value>0xded2</value>
         <object_component_ref idref="oc-456"/>
      </symbol>
      <symbol id="sm-447">
         <name>Timer_A_initContinuousMode</name>
         <value>0xdf76</value>
         <object_component_ref idref="oc-45f"/>
      </symbol>
      <symbol id="sm-448">
         <name>Timer_A_initCompareMode</name>
         <value>0xe192</value>
         <object_component_ref idref="oc-402"/>
      </symbol>
      <symbol id="sm-449">
         <name>Timer_A_startCounter</name>
         <value>0xe534</value>
         <object_component_ref idref="oc-46e"/>
      </symbol>
      <symbol id="sm-44a">
         <name>Timer_A_getCaptureCompareCount</name>
         <value>0xe552</value>
         <object_component_ref idref="oc-30c"/>
      </symbol>
      <symbol id="sm-470">
         <name>modfl</name>
         <value>0xd8b2</value>
         <object_component_ref idref="oc-3e7"/>
      </symbol>
      <symbol id="sm-471">
         <name>modf</name>
         <value>0xd8b2</value>
         <object_component_ref idref="oc-3e7"/>
      </symbol>
      <symbol id="sm-481">
         <name>__mspabi_sral</name>
         <value>0xe4f8</value>
         <object_component_ref idref="oc-4e9"/>
      </symbol>
      <symbol id="sm-482">
         <name>__mspabi_sral_15</name>
         <value>0xe034</value>
         <object_component_ref idref="oc-4c7"/>
      </symbol>
      <symbol id="sm-483">
         <name>__mspabi_sral_14</name>
         <value>0xe038</value>
         <object_component_ref idref="oc-4c7"/>
      </symbol>
      <symbol id="sm-484">
         <name>__mspabi_sral_13</name>
         <value>0xe03c</value>
         <object_component_ref idref="oc-4c7"/>
      </symbol>
      <symbol id="sm-485">
         <name>__mspabi_sral_12</name>
         <value>0xe040</value>
         <object_component_ref idref="oc-4c7"/>
      </symbol>
      <symbol id="sm-486">
         <name>__mspabi_sral_11</name>
         <value>0xe044</value>
         <object_component_ref idref="oc-4c7"/>
      </symbol>
      <symbol id="sm-487">
         <name>__mspabi_sral_10</name>
         <value>0xe048</value>
         <object_component_ref idref="oc-4c7"/>
      </symbol>
      <symbol id="sm-488">
         <name>__mspabi_sral_8</name>
         <value>0xe050</value>
         <object_component_ref idref="oc-4c7"/>
      </symbol>
      <symbol id="sm-489">
         <name>__mspabi_sral_9</name>
         <value>0xe04c</value>
         <object_component_ref idref="oc-4c7"/>
      </symbol>
      <symbol id="sm-48a">
         <name>__mspabi_sral_6</name>
         <value>0xe058</value>
         <object_component_ref idref="oc-4c7"/>
      </symbol>
      <symbol id="sm-48b">
         <name>__mspabi_sral_7</name>
         <value>0xe054</value>
         <object_component_ref idref="oc-4c7"/>
      </symbol>
      <symbol id="sm-48c">
         <name>__mspabi_sral_4</name>
         <value>0xe060</value>
         <object_component_ref idref="oc-4c7"/>
      </symbol>
      <symbol id="sm-48d">
         <name>__mspabi_sral_5</name>
         <value>0xe05c</value>
         <object_component_ref idref="oc-4c7"/>
      </symbol>
      <symbol id="sm-48e">
         <name>__mspabi_sral_2</name>
         <value>0xe068</value>
         <object_component_ref idref="oc-4c7"/>
      </symbol>
      <symbol id="sm-48f">
         <name>__mspabi_sral_3</name>
         <value>0xe064</value>
         <object_component_ref idref="oc-4c7"/>
      </symbol>
      <symbol id="sm-490">
         <name>__mspabi_sral_1</name>
         <value>0xe06c</value>
         <object_component_ref idref="oc-4c7"/>
      </symbol>
      <symbol id="sm-49c">
         <name>__mspabi_remi</name>
         <value>0xe1ee</value>
         <object_component_ref idref="oc-3f3"/>
      </symbol>
      <symbol id="sm-49d">
         <name>__mspabi_divi</name>
         <value>0xe1ee</value>
         <object_component_ref idref="oc-3f3"/>
      </symbol>
      <symbol id="sm-4a7">
         <name>__mspabi_remu</name>
         <value>0xe480</value>
         <object_component_ref idref="oc-512"/>
      </symbol>
      <symbol id="sm-4a8">
         <name>__mspabi_divu</name>
         <value>0xe480</value>
         <object_component_ref idref="oc-512"/>
      </symbol>
      <symbol id="sm-4ad">
         <name>__TI_int45</name>
         <value>0xffe2</value>
         <object_component_ref idref="oc-70"/>
      </symbol>
      <symbol id="sm-4b0">
         <name>__TI_int48</name>
         <value>0xffe8</value>
         <object_component_ref idref="oc-73"/>
      </symbol>
      <symbol id="sm-4b3">
         <name>__TI_int49</name>
         <value>0xffea</value>
         <object_component_ref idref="oc-74"/>
      </symbol>
      <symbol id="sm-4b6">
         <name>__TI_int50</name>
         <value>0xffec</value>
         <object_component_ref idref="oc-75"/>
      </symbol>
      <symbol id="sm-4b9">
         <name>__TI_int52</name>
         <value>0xfff0</value>
         <object_component_ref idref="oc-77"/>
      </symbol>
      <symbol id="sm-4bc">
         <name>__TI_int53</name>
         <value>0xfff2</value>
         <object_component_ref idref="oc-78"/>
      </symbol>
      <symbol id="sm-4bf">
         <name>__TI_int54</name>
         <value>0xfff4</value>
         <object_component_ref idref="oc-79"/>
      </symbol>
      <symbol id="sm-4c2">
         <name>__TI_int55</name>
         <value>0xfff6</value>
         <object_component_ref idref="oc-7a"/>
      </symbol>
      <symbol id="sm-4c5">
         <name>__TI_int57</name>
         <value>0xfffa</value>
         <object_component_ref idref="oc-7c"/>
      </symbol>
      <symbol id="sm-4c8">
         <name>__TI_int58</name>
         <value>0xfffc</value>
         <object_component_ref idref="oc-7d"/>
      </symbol>
      <symbol id="sm-4d0">
         <name>__TI_ISR_TRAP</name>
         <value>0xe562</value>
         <object_component_ref idref="oc-296"/>
      </symbol>
      <symbol id="sm-4e2">
         <name>__mspabi_srll_8</name>
         <value>0xe0cc</value>
         <object_component_ref idref="oc-4d6"/>
      </symbol>
      <symbol id="sm-4e3">
         <name>__mspabi_srll_9</name>
         <value>0xe0c8</value>
         <object_component_ref idref="oc-4d6"/>
      </symbol>
      <symbol id="sm-4e4">
         <name>__mspabi_srll_6</name>
         <value>0xe0d4</value>
         <object_component_ref idref="oc-4d6"/>
      </symbol>
      <symbol id="sm-4e5">
         <name>__mspabi_srll_7</name>
         <value>0xe0d0</value>
         <object_component_ref idref="oc-4d6"/>
      </symbol>
      <symbol id="sm-4e6">
         <name>__mspabi_srll_4</name>
         <value>0xe0dc</value>
         <object_component_ref idref="oc-4d6"/>
      </symbol>
      <symbol id="sm-4e7">
         <name>__mspabi_srll_5</name>
         <value>0xe0d8</value>
         <object_component_ref idref="oc-4d6"/>
      </symbol>
      <symbol id="sm-4e8">
         <name>__mspabi_srll_2</name>
         <value>0xe0e4</value>
         <object_component_ref idref="oc-4d6"/>
      </symbol>
      <symbol id="sm-4e9">
         <name>__mspabi_srll_3</name>
         <value>0xe0e0</value>
         <object_component_ref idref="oc-4d6"/>
      </symbol>
      <symbol id="sm-4ea">
         <name>__mspabi_srll_1</name>
         <value>0xe0e8</value>
         <object_component_ref idref="oc-4d6"/>
      </symbol>
      <symbol id="sm-4eb">
         <name>__mspabi_srll_15</name>
         <value>0xe0b0</value>
         <object_component_ref idref="oc-4d6"/>
      </symbol>
      <symbol id="sm-4ec">
         <name>__mspabi_srll_14</name>
         <value>0xe0b4</value>
         <object_component_ref idref="oc-4d6"/>
      </symbol>
      <symbol id="sm-4ed">
         <name>__mspabi_srll_13</name>
         <value>0xe0b8</value>
         <object_component_ref idref="oc-4d6"/>
      </symbol>
      <symbol id="sm-4ee">
         <name>__mspabi_srll_12</name>
         <value>0xe0bc</value>
         <object_component_ref idref="oc-4d6"/>
      </symbol>
      <symbol id="sm-4ef">
         <name>__mspabi_srll_11</name>
         <value>0xe0c0</value>
         <object_component_ref idref="oc-4d6"/>
      </symbol>
      <symbol id="sm-4f0">
         <name>__mspabi_srll_10</name>
         <value>0xe0c4</value>
         <object_component_ref idref="oc-4d6"/>
      </symbol>
      <symbol id="sm-4f1">
         <name>__mspabi_srll</name>
         <value>0xe518</value>
         <object_component_ref idref="oc-4e4"/>
      </symbol>
      <symbol id="sm-4fb">
         <name>__mspabi_mpyi_sw</name>
         <value>0xe4c0</value>
         <object_component_ref idref="oc-38e"/>
      </symbol>
      <symbol id="sm-4fc">
         <name>__mspabi_mpyi</name>
         <value>0xe4c0</value>
         <object_component_ref idref="oc-38e"/>
      </symbol>
      <symbol id="sm-506">
         <name>__mspabi_mpyl_sw</name>
         <value>0xe2e4</value>
         <object_component_ref idref="oc-4cc"/>
      </symbol>
      <symbol id="sm-507">
         <name>__mspabi_mpyl</name>
         <value>0xe2e4</value>
         <object_component_ref idref="oc-4cc"/>
      </symbol>
      <symbol id="sm-517">
         <name>_stack</name>
         <value>0x2760</value>
         <object_component_ref idref="oc-27b"/>
      </symbol>
      <symbol id="sm-518">
         <name>_c_int00_noargs</name>
         <value>0xe38c</value>
         <object_component_ref idref="oc-2c5"/>
      </symbol>
      <symbol id="sm-519">
         <name>_reset_vector</name>
         <value>0xfffe</value>
         <object_component_ref idref="oc-27e"/>
      </symbol>
      <symbol id="sm-53b">
         <name>__TI_auto_init_nobinit_nopinit_hold_wdt</name>
         <value>0xde02</value>
         <object_component_ref idref="oc-499"/>
      </symbol>
      <symbol id="sm-54b">
         <name>__TI_zero_init_nomemset</name>
         <value>0xdff6</value>
         <object_component_ref idref="oc-2b3"/>
      </symbol>
      <symbol id="sm-55c">
         <name>_system_pre_init</name>
         <value>0xe576</value>
         <object_component_ref idref="oc-348"/>
      </symbol>
      <symbol id="sm-565">
         <name>_system_post_cinit</name>
         <value>0xe57a</value>
         <object_component_ref idref="oc-54d"/>
      </symbol>
      <symbol id="sm-576">
         <name>__TI_decompress_none</name>
         <value>0xe0ee</value>
         <object_component_ref idref="oc-6a"/>
      </symbol>
      <symbol id="sm-597">
         <name>__TI_decompress_lzss</name>
         <value>0xdb06</value>
         <object_component_ref idref="oc-64"/>
      </symbol>
      <symbol id="sm-5be">
         <name>__mspabi_addd</name>
         <value>0xc8ea</value>
         <object_component_ref idref="oc-323"/>
      </symbol>
      <symbol id="sm-5df">
         <name>__mspabi_divd</name>
         <value>0xd532</value>
         <object_component_ref idref="oc-4fe"/>
      </symbol>
      <symbol id="sm-5ec">
         <name>__mspabi_fixdi</name>
         <value>0xe244</value>
         <object_component_ref idref="oc-3ed"/>
      </symbol>
      <symbol id="sm-5fb">
         <name>__mspabi_fixdli</name>
         <value>0xde6c</value>
         <object_component_ref idref="oc-50b"/>
      </symbol>
      <symbol id="sm-61c">
         <name>__TI_frcaddd</name>
         <value>0xd0ac</value>
         <object_component_ref idref="oc-3df"/>
      </symbol>
      <symbol id="sm-637">
         <name>__TI_frcdivd</name>
         <value>0xc484</value>
         <object_component_ref idref="oc-582"/>
      </symbol>
      <symbol id="sm-658">
         <name>__mspabi_mpyd</name>
         <value>0xce48</value>
         <object_component_ref idref="oc-31c"/>
      </symbol>
      <symbol id="sm-66c">
         <name>__TI_renormd</name>
         <value>0xdcb6</value>
         <object_component_ref idref="oc-4ee"/>
      </symbol>
      <symbol id="sm-675">
         <name>__mspabi_subd</name>
         <value>0xe1c0</value>
         <object_component_ref idref="oc-4f8"/>
      </symbol>
      <symbol id="sm-67f">
         <name>C$$EXIT</name>
         <value>0xe570</value>
         <object_component_ref idref="oc-475"/>
      </symbol>
      <symbol id="sm-680">
         <name>abort</name>
         <value>0xe570</value>
         <object_component_ref idref="oc-475"/>
      </symbol>
      <symbol id="sm-690">
         <name>memcpy</name>
         <value>0xe4e6</value>
         <object_component_ref idref="oc-450"/>
      </symbol>
      <symbol id="sm-69b">
         <name>__memcpy_far</name>
         <value>0xdfb6</value>
         <object_component_ref idref="oc-28a"/>
      </symbol>
      <symbol id="sm-6ab">
         <name>__mspabi_slll_9</name>
         <value>0xe08a</value>
         <object_component_ref idref="oc-4d1"/>
      </symbol>
      <symbol id="sm-6ac">
         <name>__mspabi_slll_8</name>
         <value>0xe08e</value>
         <object_component_ref idref="oc-4d1"/>
      </symbol>
      <symbol id="sm-6ad">
         <name>__mspabi_slll_7</name>
         <value>0xe092</value>
         <object_component_ref idref="oc-4d1"/>
      </symbol>
      <symbol id="sm-6ae">
         <name>__mspabi_slll_6</name>
         <value>0xe096</value>
         <object_component_ref idref="oc-4d1"/>
      </symbol>
      <symbol id="sm-6af">
         <name>__mspabi_slll_5</name>
         <value>0xe09a</value>
         <object_component_ref idref="oc-4d1"/>
      </symbol>
      <symbol id="sm-6b0">
         <name>__mspabi_slll_4</name>
         <value>0xe09e</value>
         <object_component_ref idref="oc-4d1"/>
      </symbol>
      <symbol id="sm-6b1">
         <name>__mspabi_slll_3</name>
         <value>0xe0a2</value>
         <object_component_ref idref="oc-4d1"/>
      </symbol>
      <symbol id="sm-6b2">
         <name>__mspabi_slll_2</name>
         <value>0xe0a6</value>
         <object_component_ref idref="oc-4d1"/>
      </symbol>
      <symbol id="sm-6b3">
         <name>__mspabi_slll_1</name>
         <value>0xe0aa</value>
         <object_component_ref idref="oc-4d1"/>
      </symbol>
      <symbol id="sm-6b4">
         <name>__mspabi_slll</name>
         <value>0xe508</value>
         <object_component_ref idref="oc-4df"/>
      </symbol>
      <symbol id="sm-6b5">
         <name>__mspabi_slll_15</name>
         <value>0xe072</value>
         <object_component_ref idref="oc-4d1"/>
      </symbol>
      <symbol id="sm-6b6">
         <name>__mspabi_slll_14</name>
         <value>0xe076</value>
         <object_component_ref idref="oc-4d1"/>
      </symbol>
      <symbol id="sm-6b7">
         <name>__mspabi_slll_13</name>
         <value>0xe07a</value>
         <object_component_ref idref="oc-4d1"/>
      </symbol>
      <symbol id="sm-6b8">
         <name>__mspabi_slll_12</name>
         <value>0xe07e</value>
         <object_component_ref idref="oc-4d1"/>
      </symbol>
      <symbol id="sm-6b9">
         <name>__mspabi_slll_11</name>
         <value>0xe082</value>
         <object_component_ref idref="oc-4d1"/>
      </symbol>
      <symbol id="sm-6ba">
         <name>__mspabi_slll_10</name>
         <value>0xe086</value>
         <object_component_ref idref="oc-4d1"/>
      </symbol>
      <symbol id="sm-6cb">
         <name>__TI_frcmpyd</name>
         <value>0xcbc8</value>
         <object_component_ref idref="oc-3d2"/>
      </symbol>
   </symbol_table>
   <title>Link successful</title>
</link_info>
